
================================================================================
Время: 2026-06-08 13:23:33
Язык: english
Изображение: temp_eee8f403fd804043b1c08fc2eb1905fb.png
Время ответа: 37.8 сек
----------------------------------------
ПРОМПТ:
Выпиши все английские слова с этого изображения. Каждое слово с новой строки. Только слова, без пояснений.
----------------------------------------
ОТВЕТ МОДЕЛИ:
Tom's
Family
This
is
Tom
He
is
nine
years
old
He
has
got
a
big
family
his
parents
his
sister
and
his
two
brothers
His
mom
is
a
doctor
and
his
dad
is
a
driver
All
the
children
go
to
school
shoshova.ru
================================================================================

================================================================================
Время: 2026-06-08 13:34:22
Язык: english
Изображение: temp_92ece9e7c07e48b1b8e3b76aa892b1b2.png
Время ответа: 36.6 сек
----------------------------------------
ПРОМПТ:
Выпиши все английские слова с этого изображения. Каждое слово с новой строки. Только слова, без пояснений.
----------------------------------------
ОТВЕТ МОДЕЛИ:
Tom's
Family
This
is
Tom.
He
is
nine
years
old.
He
has
got
a
big
family:
his
parents,
his
sister,
and
his
two
brothers.
His
mom
is
a
doctor,
and
his
dad
is
a
driver.
All
the
children
go
to
school.
shoshova.ru
================================================================================

================================================================================
Время: 2026-06-08 14:01:56
Язык: english
Изображение: temp_e29ba94c169745d98cc1a5f3cefa8af5.png
Время ответа: 13.5 сек
----------------------------------------
ПРОМПТ:
Выпиши все английские слова с этого изображения. Каждое слово с новой строки. Только слова, без пояснений.
----------------------------------------
ОТВЕТ МОДЕЛИ:
TEKCT
================================================================================

================================================================================
Время: 2026-06-08 14:03:41
Язык: chinese
Изображение: temp_eb928c58abc94bf1a48b887907c2d315.png
Время ответа: 90.0 сек
ОШИБКА: Таймаут 90 секунд
----------------------------------------
ПРОМПТ:
Выпиши все китайские иероглифы с этого изображения. Каждый иероглиф с новой строки. Только иероглифы, без пояснений.
----------------------------------------
ОТВЕТ МОДЕЛИ:

================================================================================

================================================================================
Время: 2026-06-08 14:05:49
Язык: chinese
Изображение: temp_4b5e7a305b7447048b99c4a568efa66d.png
Время ответа: 63.4 сек
----------------------------------------
ПРОМПТ:
Выпиши все китайские иероглифы с этого изображения. Каждый иероглиф с новой строки. Только иероглифы, без пояснений.
----------------------------------------
ОТВЕТ МОДЕЛИ:
我
的
娃
娃
睡
着
了
摇
啊
摇
，
摇
啊
摇
，
我
的
娃
娃
要
睡
觉
。
小
花
被
，
盖
盖
好
，
两
只
小
手
放
放
好
。
摇
啊
摇
，
摇
啊
摇
，
我
的
娃
娃
睡
着
了
。
================================================================================

================================================================================
Время: 2026-06-08 14:12:38
Язык: chinese
Изображение: temp_925ee7234fcd452b8159bd42c820fad3.png
Время ответа: 10.7 сек
----------------------------------------
ПРОМПТ:
Выпиши все китайские иероглифы с этого изображения. Каждый иероглиф с новой строки. Только иероглифы, без пояснений.
----------------------------------------
ОТВЕТ МОДЕЛИ:
鹿柴
唐·王维
空山不见人，
但闻人语响。
返景入深林，
复照青苔上。
================================================================================

================================================================================
Время: 2026-06-08 14:13:16
Язык: chinese
Изображение: temp_b45b1caa053e4df895f5d2ca33c92d76.png
Время ответа: 10.4 сек
----------------------------------------
ПРОМПТ:
Выпиши все китайские иероглифы с этого изображения. Каждый иероглиф с новой строки. Только иероглифы, без пояснений.
----------------------------------------
ОТВЕТ МОДЕЛИ:
鹿柴
唐王维
空山不见人
但闻人语响
返景入深林
复照青苔上
================================================================================

================================================================================
Время: 2026-06-08 14:21:04
Язык: chinese
Изображение: temp_df84fd2a4445481c8535373a6274049a.png
Время ответа: 11.9 сек
----------------------------------------
ПРОМПТ:
Выпиши все китайские иероглифы с этого изображения. Каждый иероглиф с новой строки. Только иероглифы, без пояснений.
----------------------------------------
ОТВЕТ МОДЕЛИ:
鹿柴
空山不见人，
但闻人语响。
返景入深林，
复照青苔上。
================================================================================

================================================================================
Время: 2026-06-08 14:21:45
Язык: english
Изображение: temp_ff4d872f71824417aeb7187bd6b60491.png
Время ответа: 28.1 сек
----------------------------------------
ПРОМПТ:
Выпиши все английские слова с этого изображения. Каждое слово с новой строки. Только слова, без пояснений.
----------------------------------------
ОТВЕТ МОДЕЛИ:
11.
A
new
pet
Kate
is
walking
She
sees
a
dog
The
dog
wags
its
tail
Kate
likes
the
dog
It
has
no
collar
Kate
takes
it
home
She
washes
the
dog
She
names
him
"Toby"
She
takes
Toby
to
the
vet
Toby
is
healthy
Kate
walks
Toby
every
day
They
love
each
other
================================================================================

================================================================================
Время: 2026-06-08 14:22:01
Язык: chinese
Изображение: temp_388ff593e9174b4f8cf38f7a5debc0f0.png
Время ответа: 7.6 сек
----------------------------------------
ПРОМПТ:
Выпиши все китайские иероглифы с этого изображения. Каждый иероглиф с новой строки. Только иероглифы, без пояснений.
----------------------------------------
ОТВЕТ МОДЕЛИ:
鹿柴
唐・王维
空山不见人，
但闻人语响。
返景入深林，
复照青苔上。
================================================================================

================================================================================
Время: 2026-06-08 14:22:47
Язык: chinese
Изображение: temp_71815297e06f4c5bb7a84f3a3944c057.png
Время ответа: 5.9 сек
----------------------------------------
ПРОМПТ:
Выпиши все китайские иероглифы с этого изображения. Каждый иероглиф с новой строки. Только иероглифы, без пояснений.
----------------------------------------
ОТВЕТ МОДЕЛИ:
鹿柴
唐·王维
空山不见人，
但闻人语响。
返景入深林，
复照青苔上。
================================================================================

================================================================================
Время: 2026-06-08 14:23:27
Язык: chinese
Изображение: temp_0e1a3b955a9c439e89f8c420dcd44c8b.png
Время ответа: 17.2 сек
----------------------------------------
ПРОМПТ:
Выпиши все китайские иероглифы с этого изображения. Каждый иероглиф с новой строки. Только иероглифы, без пояснений.
----------------------------------------
ОТВЕТ МОДЕЛИ:
这
个
城
市
完
全
变
了
你
不
知
道
发
生
了
什
么
可
能
是
因
为
环
境
问
题
也
可
能
是
因
为
人
们
之
间
的
争
斗
或
者
别
的
原
因
这
个
城
市
和
以
前
完
全
不
一
样
了
到
处
都
是
有
毒
的
烟
雾
看
不
到
阳
光
树
也
都
死
了
以
前
在
这
里
生
活
的
几
百
万
人
都
逃
走
了
有
一
些
人
生
活
在
地
下
其
他
人
像
你
一
样
住
在
城
外
的
山
顶
上
那
里
烟
雾
少
一
些
还
可
以
呼
吸
到
干
净
的
空
气
活
下
来
很
难
但
你
一
定
要
活
下
来
================================================================================
